! bool has_proto3_default
bool has_proto3_off
! bool has_proto3_on

